// Jest Snapshot v1, https://goo.gl/fbAQLP

exports[`Edit Fact Component renders without crashing 1`] = `
<SessionContextProvider>
  <ItemsContextProvider>
    <testContext>
      <EditFact
        context={
          Object {
            "$$typeof": Symbol(react.context),
            "Consumer": Object {
              "$$typeof": Symbol(react.context),
              "_calculateChangedBits": null,
              "_context": [Circular],
            },
            "Provider": Object {
              "$$typeof": Symbol(react.provider),
              "_context": [Circular],
            },
            "_calculateChangedBits": null,
            "_currentRenderer": null,
            "_currentRenderer2": null,
            "_currentValue": Object {
              "rmbrArray": Array [],
            },
            "_currentValue2": Object {
              "rmbrArray": Array [],
            },
            "_threadCount": 0,
          }
        }
        fact_id={1}
      />
    </testContext>
  </ItemsContextProvider>
</SessionContextProvider>
`;
